
> alaafi-web@0.1.0 build
> next build --webpack

Γû▓ Next.js 16.2.9 (webpack)
- Environments: .env.local

  Creating an optimized production build ...
Γ£ô Compiled successfully in 7.2s
  Running TypeScript ...
  Finished TypeScript in 15.0s ...
  Collecting page data using 7 workers ...
  Generating static pages using 7 workers (0/14) ...
  Generating static pages using 7 workers (3/14) 
  Generating static pages using 7 workers (6/14) 
  Generating static pages using 7 workers (10/14) 
Γ£ô Generating static pages using 7 workers (14/14) in 1299ms
  Finalizing page optimization ...
  Collecting build traces ...

Route (app)
Γöî Γùï /
Γö£ Γùï /_not-found
Γö£ ╞Æ /admin
Γö£ Γùï /admin/modems
Γö£ ╞Æ /admin/modems/[id]
Γö£ Γùï /admin/sms
Γö£ Γùï /admin/users
Γö£ ╞Æ /admin/users/[id]
Γö£ ╞Æ /admin/warnings
Γö£ Γùï /admin/withdrawals
Γö£ ╞Æ /api/admin/modems
Γö£ ╞Æ /api/admin/modems/[id]
Γö£ ╞Æ /api/admin/sms
Γö£ ╞Æ /api/admin/users
Γö£ ╞Æ /api/admin/users/[id]
Γö£ ╞Æ /api/admin/withdrawals
Γö£ ╞Æ /api/admin/withdrawals/[id]
Γö£ ╞Æ /api/auth/login
Γö£ ╞Æ /api/dashboard/history
Γö£ ╞Æ /api/dashboard/overview
Γö£ ╞Æ /api/dashboard/sims
Γö£ ╞Æ /api/dashboard/sms
Γö£ ╞Æ /api/dashboard/withdraw
Γö£ Γùï /dashboard
Γö£ Γùï /dashboard/history
Γö£ Γùï /dashboard/sims
Γö£ Γùï /dashboard/sms
Γö£ Γùï /dashboard/withdraw
Γöö Γùï /login


Γùï  (Static)   prerendered as static content
╞Æ  (Dynamic)  server-rendered on demand

